Reusing configuration cache.
> Task :core:common:checkKotlinGradlePluginConfigurationErrors SKIPPED
> Task :core:navigation:preBuild UP-TO-DATE
> Task :core:model:checkKotlinGradlePluginConfigurationErrors SKIPPED
> Task :core:network:checkKotlinGradlePluginConfigurationErrors SKIPPED
> Task :core:navigation:preDebugBuild UP-TO-DATE
> Task :core:database:preBuild UP-TO-DATE
> Task :core:domain:preBuild UP-TO-DATE
> Task :core:designsystem:checkKotlinGradlePluginConfigurationErrors SKIPPED
> Task :core:domain:checkKotlinGradlePluginConfigurationErrors SKIPPED
> Task :core:designsystem:preBuild UP-TO-DATE
> Task :core:database:preDebugBuild UP-TO-DATE
> Task :core:network:preBuild UP-TO-DATE
> Task :core:navigation:checkKotlinGradlePluginConfigurationErrors SKIPPED
> Task :core:model:preBuild UP-TO-DATE
> Task :core:common:preBuild UP-TO-DATE
> Task :core:domain:preDebugBuild UP-TO-DATE
> Task :data:account:preBuild UP-TO-DATE
> Task :core:navigation:generateDebugResources UP-TO-DATE
> Task :core:database:checkKotlinGradlePluginConfigurationErrors SKIPPED
> Task :core:database:generateDebugResources UP-TO-DATE
> Task :core:database:processDebugNavigationResources UP-TO-DATE
> Task :core:network:preDebugBuild UP-TO-DATE
> Task :core:common:preDebugBuild UP-TO-DATE
> Task :core:navigation:processDebugNavigationResources UP-TO-DATE
> Task :core:network:generateDebugResources UP-TO-DATE
> Task :core:common:processDebugNavigationResources UP-TO-DATE
> Task :core:common:javaPreCompileDebug UP-TO-DATE
> Task :core:common:generateDebugResources UP-TO-DATE
> Task :core:database:javaPreCompileDebug UP-TO-DATE
> Task :core:model:preDebugBuild UP-TO-DATE
> Task :core:network:processDebugNavigationResources UP-TO-DATE
> Task :core:model:javaPreCompileDebug UP-TO-DATE
> Task :core:model:generateDebugResources UP-TO-DATE
> Task :core:network:packageDebugResources UP-TO-DATE
> Task :core:designsystem:preDebugBuild UP-TO-DATE
> Task :core:network:javaPreCompileDebug UP-TO-DATE
> Task :core:common:packageDebugResources UP-TO-DATE
> Task :core:database:packageDebugResources UP-TO-DATE
> Task :core:navigation:packageDebugResources UP-TO-DATE
> Task :data:account:preDebugBuild UP-TO-DATE
> Task :core:model:processDebugNavigationResources UP-TO-DATE
> Task :core:navigation:javaPreCompileDebug UP-TO-DATE
> Task :core:model:packageDebugResources UP-TO-DATE
> Task :data:account:processDebugNavigationResources UP-TO-DATE
> Task :core:navigation:parseDebugLocalResources UP-TO-DATE
> Task :core:common:parseDebugLocalResources UP-TO-DATE
> Task :core:designsystem:generateDebugResources UP-TO-DATE
> Task :core:domain:processDebugNavigationResources UP-TO-DATE
> Task :core:domain:generateDebugResources UP-TO-DATE
> Task :core:designsystem:javaPreCompileDebug UP-TO-DATE
> Task :data:account:generateDebugResources UP-TO-DATE
> Task :core:database:parseDebugLocalResources UP-TO-DATE
> Task :core:network:parseDebugLocalResources UP-TO-DATE
> Task :core:common:generateDebugRFile UP-TO-DATE
> Task :core:designsystem:processDebugNavigationResources UP-TO-DATE
> Task :data:account:checkKotlinGradlePluginConfigurationErrors SKIPPED
> Task :core:domain:javaPreCompileDebug UP-TO-DATE
> Task :core:designsystem:packageDebugResources UP-TO-DATE
> Task :core:model:parseDebugLocalResources UP-TO-DATE
> Task :domain:account:checkKotlinGradlePluginConfigurationErrors SKIPPED
> Task :domain:account:preBuild UP-TO-DATE
> Task :core:network:generateDebugRFile UP-TO-DATE
> Task :domain:account:preDebugBuild UP-TO-DATE
> Task :data:admin:preBuild UP-TO-DATE
> Task :data:admin:checkKotlinGradlePluginConfigurationErrors SKIPPED
> Task :core:domain:packageDebugResources UP-TO-DATE
> Task :data:account:javaPreCompileDebug UP-TO-DATE
> Task :core:database:generateDebugRFile UP-TO-DATE
> Task :core:designsystem:parseDebugLocalResources UP-TO-DATE
> Task :core:model:generateDebugRFile UP-TO-DATE
> Task :core:navigation:generateDebugRFile UP-TO-DATE
> Task :domain:admin:checkKotlinGradlePluginConfigurationErrors SKIPPED
> Task :domain:admin:preBuild UP-TO-DATE
> Task :data:commerce:preBuild UP-TO-DATE
> Task :data:admin:preDebugBuild UP-TO-DATE
> Task :data:commerce:preDebugBuild UP-TO-DATE
> Task :data:commerce:checkKotlinGradlePluginConfigurationErrors SKIPPED
> Task :domain:commerce:checkKotlinGradlePluginConfigurationErrors SKIPPED
> Task :core:domain:parseDebugLocalResources UP-TO-DATE
> Task :domain:account:processDebugNavigationResources UP-TO-DATE
> Task :domain:account:javaPreCompileDebug UP-TO-DATE
> Task :domain:commerce:preBuild UP-TO-DATE
> Task :domain:account:generateDebugResources UP-TO-DATE
> Task :data:commerce:generateDebugResources UP-TO-DATE
> Task :data:commerce:processDebugNavigationResources UP-TO-DATE
> Task :domain:admin:preDebugBuild UP-TO-DATE
> Task :data:commerce:javaPreCompileDebug UP-TO-DATE
> Task :data:admin:generateDebugResources UP-TO-DATE
> Task :data:admin:javaPreCompileDebug UP-TO-DATE
> Task :domain:admin:generateDebugResources UP-TO-DATE
> Task :data:admin:processDebugNavigationResources UP-TO-DATE
> Task :domain:admin:processDebugNavigationResources UP-TO-DATE
> Task :data:account:packageDebugResources UP-TO-DATE
> Task :domain:admin:javaPreCompileDebug UP-TO-DATE
> Task :domain:commerce:preDebugBuild UP-TO-DATE
> Task :core:designsystem:generateDebugRFile UP-TO-DATE
> Task :domain:commerce:processDebugNavigationResources UP-TO-DATE
> Task :core:domain:generateDebugRFile UP-TO-DATE
> Task :domain:commerce:generateDebugResources UP-TO-DATE
> Task :domain:commerce:javaPreCompileDebug UP-TO-DATE
> Task :data:monitoring:preBuild UP-TO-DATE
> Task :data:monitoring:checkKotlinGradlePluginConfigurationErrors SKIPPED
> Task :data:account:parseDebugLocalResources UP-TO-DATE
> Task :data:monitoring:preDebugBuild UP-TO-DATE
> Task :domain:monitoring:checkKotlinGradlePluginConfigurationErrors SKIPPED
> Task :domain:monitoring:preBuild UP-TO-DATE
> Task :data:admin:packageDebugResources UP-TO-DATE
> Task :domain:account:packageDebugResources UP-TO-DATE
> Task :data:commerce:packageDebugResources UP-TO-DATE
> Task :domain:admin:packageDebugResources UP-TO-DATE
> Task :data:monitoring:generateDebugResources UP-TO-DATE
> Task :domain:social:preBuild UP-TO-DATE
> Task :data:account:generateDebugRFile UP-TO-DATE
> Task :domain:social:checkKotlinGradlePluginConfigurationErrors SKIPPED
> Task :domain:commerce:packageDebugResources UP-TO-DATE
> Task :core:model:compileDebugKotlin UP-TO-DATE
> Task :domain:monitoring:preDebugBuild UP-TO-DATE
> Task :domain:social:preDebugBuild UP-TO-DATE
> Task :domain:account:parseDebugLocalResources UP-TO-DATE
> Task :data:monitoring:processDebugNavigationResources UP-TO-DATE
> Task :data:commerce:parseDebugLocalResources UP-TO-DATE
> Task :domain:admin:parseDebugLocalResources UP-TO-DATE
> Task :domain:social:generateDebugResources UP-TO-DATE
> Task :data:monitoring:packageDebugResources UP-TO-DATE
> Task :domain:account:generateDebugRFile UP-TO-DATE
> Task :domain:monitoring:generateDebugResources UP-TO-DATE
> Task :core:model:compileDebugJavaWithJavac NO-SOURCE
> Task :data:commerce:generateDebugRFile UP-TO-DATE
> Task :domain:monitoring:javaPreCompileDebug UP-TO-DATE
> Task :domain:monitoring:processDebugNavigationResources UP-TO-DATE
> Task :data:monitoring:javaPreCompileDebug UP-TO-DATE
> Task :data:admin:parseDebugLocalResources UP-TO-DATE
> Task :core:model:bundleLibCompileToJarDebug UP-TO-DATE
> Task :data:monitoring:parseDebugLocalResources UP-TO-DATE
> Task :domain:social:processDebugNavigationResources UP-TO-DATE
> Task :domain:social:javaPreCompileDebug UP-TO-DATE
> Task :domain:admin:generateDebugRFile UP-TO-DATE
> Task :feature:admin-dashboard:checkKotlinGradlePluginConfigurationErrors SKIPPED
> Task :feature:admin-dashboard:preBuild UP-TO-DATE
> Task :domain:social:packageDebugResources UP-TO-DATE
> Task :core:model:bundleLibRuntimeToJarDebug UP-TO-DATE
> Task :domain:commerce:parseDebugLocalResources UP-TO-DATE
> Task :feature:admin-dashboard:preDebugBuild UP-TO-DATE
> Task :data:monitoring:generateDebugRFile UP-TO-DATE
> Task :data:admin:generateDebugRFile UP-TO-DATE
> Task :domain:social:parseDebugLocalResources UP-TO-DATE
> Task :domain:monitoring:packageDebugResources UP-TO-DATE
> Task :domain:commerce:generateDebugRFile UP-TO-DATE
> Task :feature:admin-dashboard:processDebugNavigationResources UP-TO-DATE
> Task :feature:admin-dashboard:generateDebugResources UP-TO-DATE
> Task :domain:monitoring:parseDebugLocalResources UP-TO-DATE
> Task :domain:social:generateDebugRFile UP-TO-DATE
> Task :feature:admin-dashboard:packageDebugResources UP-TO-DATE
> Task :domain:monitoring:generateDebugRFile UP-TO-DATE
> Task :feature:admin-dashboard:parseDebugLocalResources UP-TO-DATE
> Task :feature:admin-dashboard:generateDebugRFile UP-TO-DATE
> Task :core:common:compileDebugKotlin UP-TO-DATE
> Task :core:common:compileDebugJavaWithJavac NO-SOURCE
> Task :core:common:bundleLibRuntimeToJarDebug UP-TO-DATE
> Task :core:common:bundleLibCompileToJarDebug UP-TO-DATE
> Task :core:navigation:compileDebugKotlin UP-TO-DATE
> Task :core:network:compileDebugKotlin UP-TO-DATE
> Task :core:navigation:compileDebugJavaWithJavac NO-SOURCE
> Task :core:navigation:bundleLibCompileToJarDebug UP-TO-DATE
> Task :core:database:kspDebugKotlin UP-TO-DATE
> Task :core:network:compileDebugJavaWithJavac NO-SOURCE
> Task :core:network:bundleLibRuntimeToJarDebug UP-TO-DATE
> Task :core:network:bundleLibCompileToJarDebug UP-TO-DATE
> Task :core:database:compileDebugKotlin UP-TO-DATE
> Task :core:database:compileDebugJavaWithJavac NO-SOURCE
> Task :core:database:bundleLibRuntimeToJarDebug UP-TO-DATE
> Task :core:database:bundleLibCompileToJarDebug UP-TO-DATE
> Task :domain:monitoring:compileDebugKotlin UP-TO-DATE
> Task :domain:admin:compileDebugKotlin UP-TO-DATE
> Task :domain:commerce:compileDebugKotlin UP-TO-DATE
> Task :domain:social:compileDebugKotlin UP-TO-DATE
> Task :core:designsystem:compileDebugKotlin UP-TO-DATE
> Task :core:domain:compileDebugKotlin UP-TO-DATE
> Task :domain:monitoring:compileDebugJavaWithJavac NO-SOURCE
> Task :domain:commerce:compileDebugJavaWithJavac NO-SOURCE
> Task :domain:admin:compileDebugJavaWithJavac NO-SOURCE
> Task :core:designsystem:compileDebugJavaWithJavac NO-SOURCE
> Task :domain:admin:bundleLibRuntimeToJarDebug UP-TO-DATE
> Task :core:domain:compileDebugJavaWithJavac NO-SOURCE
> Task :domain:admin:bundleLibCompileToJarDebug UP-TO-DATE
> Task :domain:social:compileDebugJavaWithJavac NO-SOURCE
> Task :domain:commerce:bundleLibCompileToJarDebug UP-TO-DATE
> Task :domain:commerce:bundleLibRuntimeToJarDebug UP-TO-DATE
> Task :domain:monitoring:bundleLibCompileToJarDebug UP-TO-DATE
> Task :domain:monitoring:bundleLibRuntimeToJarDebug UP-TO-DATE
> Task :core:designsystem:bundleLibCompileToJarDebug UP-TO-DATE
> Task :core:domain:bundleLibRuntimeToJarDebug UP-TO-DATE
> Task :core:domain:bundleLibCompileToJarDebug UP-TO-DATE
> Task :domain:social:bundleLibCompileToJarDebug UP-TO-DATE
> Task :domain:account:compileDebugKotlin UP-TO-DATE
> Task :domain:account:compileDebugJavaWithJavac NO-SOURCE
> Task :data:admin:kspDebugKotlin UP-TO-DATE
> Task :data:commerce:kspDebugKotlin UP-TO-DATE
> Task :data:monitoring:kspDebugKotlin UP-TO-DATE
> Task :domain:account:bundleLibCompileToJarDebug UP-TO-DATE
> Task :domain:account:bundleLibRuntimeToJarDebug UP-TO-DATE
> Task :data:admin:compileDebugKotlin UP-TO-DATE
> Task :data:commerce:compileDebugKotlin UP-TO-DATE
> Task :data:monitoring:compileDebugKotlin UP-TO-DATE
> Task :data:account:kspDebugKotlin UP-TO-DATE
> Task :data:admin:compileDebugJavaWithJavac UP-TO-DATE
> Task :data:monitoring:compileDebugJavaWithJavac UP-TO-DATE
> Task :data:commerce:compileDebugJavaWithJavac UP-TO-DATE
> Task :data:monitoring:transformDebugClassesWithAsm UP-TO-DATE
> Task :data:admin:transformDebugClassesWithAsm UP-TO-DATE
> Task :data:commerce:transformDebugClassesWithAsm UP-TO-DATE
> Task :data:admin:bundleLibCompileToJarDebug UP-TO-DATE
> Task :data:monitoring:bundleLibCompileToJarDebug UP-TO-DATE
> Task :data:commerce:bundleLibCompileToJarDebug UP-TO-DATE
> Task :data:account:compileDebugKotlin UP-TO-DATE
> Task :data:account:compileDebugJavaWithJavac UP-TO-DATE
> Task :data:account:transformDebugClassesWithAsm UP-TO-DATE
> Task :data:account:bundleLibCompileToJarDebug UP-TO-DATE
> Task :feature:admin-dashboard:kspDebugKotlin

> Task :feature:admin-dashboard:compileDebugKotlin FAILED
.\gradlew : e: file:///C:/Users/rowdy/AndroidStudioProjects/ROSTRY/feature/admin-dashboard/s
rc/main/java/com/rio/rostry/feature/admin/ui/analytics/CommerceAnalyticsViewModel.kt:53:36 
One type argument expected. Use class 'Success' if you do not intend to pass type arguments.
At line:1 char:1
+ .\gradlew :feature:admin-dashboard:compileDebugKotlin > build_output. ...
+ ~~~~~~~~~~~~~~~~~~~~~~~~~~~~~~~~~~~~~~~~~~~~~~~~~~~~~~~~~~~~~~~~~~~~~
    + CategoryInfo          : NotSpecified: (e: file:///C:/U...type arguments.:String) [],  
   RemoteException
    + FullyQualifiedErrorId : NativeCommandError
 
e: file:///C:/Users/rowdy/AndroidStudioProjects/ROSTRY/feature/admin-dashboard/src/main/java
/com/rio/rostry/feature/admin/ui/analytics/CommerceAnalyticsViewModel.kt:54:45 Unresolved 
reference 'data'.
e: file:///C:/Users/rowdy/AndroidStudioProjects/ROSTRY/feature/admin-dashboard/src/main/java
/com/rio/rostry/feature/admin/ui/biosecurity/BiosecurityManagementScreen.kt:24:34 
Unresolved reference 'BiosecuritySeverity'.
e: file:///C:/Users/rowdy/AndroidStudioProjects/ROSTRY/feature/admin-dashboard/src/main/java
/com/rio/rostry/feature/admin/ui/biosecurity/BiosecurityManagementScreen.kt:48:21 Property 
delegate must have a 'getValue(BiosecurityManagementViewModel, 
KMutableProperty1<BiosecurityManagementViewModel, ERROR CLASS: Cannot infer argument for 
type parameter T>)' method. None of the following functions is applicable:
fun <T> State<T>.getValue(thisObj: Any?, property: KProperty<*>): T
e: file:///C:/Users/rowdy/AndroidStudioProjects/ROSTRY/feature/admin-dashboard/src/main/java
/com/rio/rostry/feature/admin/ui/biosecurity/BiosecurityManagementScreen.kt:48:21 Property 
delegate must have a 'setValue(BiosecurityManagementViewModel, 
KMutableProperty1<BiosecurityManagementViewModel, ERROR CLASS: Cannot infer argument for 
type parameter T>, ERROR CLASS: Cannot infer argument for type parameter T)' method. None 
of the following functions is applicable:
fun <T> MutableState<T>.setValue(thisObj: Any?, property: KProperty<*>, value: T): Unit
e: file:///C:/Users/rowdy/AndroidStudioProjects/ROSTRY/feature/admin-dashboard/src/main/java
/com/rio/rostry/feature/admin/ui/biosecurity/BiosecurityManagementScreen.kt:48:24 Cannot 
infer type for this parameter. Specify it explicitly.
e: file:///C:/Users/rowdy/AndroidStudioProjects/ROSTRY/feature/admin-dashboard/src/main/java
/com/rio/rostry/feature/admin/ui/biosecurity/BiosecurityManagementScreen.kt:48:24 Not 
enough information to infer type argument for 'T'.
e: file:///C:/Users/rowdy/AndroidStudioProjects/ROSTRY/feature/admin-dashboard/src/main/java
/com/rio/rostry/feature/admin/ui/biosecurity/BiosecurityManagementScreen.kt:48:24 Cannot 
infer type for this parameter. Specify it explicitly.
e: file:///C:/Users/rowdy/AndroidStudioProjects/ROSTRY/feature/admin-dashboard/src/main/java
/com/rio/rostry/feature/admin/ui/biosecurity/BiosecurityManagementScreen.kt:48:24 Not 
enough information to infer type argument for 'T'.
e: file:///C:/Users/rowdy/AndroidStudioProjects/ROSTRY/feature/admin-dashboard/src/main/java
/com/rio/rostry/feature/admin/ui/biosecurity/BiosecurityManagementScreen.kt:48:39 
Unresolved reference 'BiosecuritySeverity'.
e: file:///C:/Users/rowdy/AndroidStudioProjects/ROSTRY/feature/admin-dashboard/src/main/java
/com/rio/rostry/feature/admin/ui/biosecurity/BiosecurityManagementScreen.kt:67:17 No 
parameter with name 'id' found.
e: file:///C:/Users/rowdy/AndroidStudioProjects/ROSTRY/feature/admin-dashboard/src/main/java
/com/rio/rostry/feature/admin/ui/biosecurity/BiosecurityManagementScreen.kt:70:17 No 
parameter with name 'radius' found.
e: file:///C:/Users/rowdy/AndroidStudioProjects/ROSTRY/feature/admin-dashboard/src/main/java
/com/rio/rostry/feature/admin/ui/biosecurity/BiosecurityManagementScreen.kt:73:17 No value 
passed for parameter 'zoneId'.
e: file:///C:/Users/rowdy/AndroidStudioProjects/ROSTRY/feature/admin-dashboard/src/main/java
/com/rio/rostry/feature/admin/ui/biosecurity/BiosecurityManagementScreen.kt:73:17 No value 
passed for parameter 'radiusMeters'.
e: file:///C:/Users/rowdy/AndroidStudioProjects/ROSTRY/feature/admin-dashboard/src/main/java
/com/rio/rostry/feature/admin/ui/biosecurity/BiosecurityManagementScreen.kt:73:17 No value 
passed for parameter 'createdAt'.
e: file:///C:/Users/rowdy/AndroidStudioProjects/ROSTRY/feature/admin-dashboard/src/main/java
/com/rio/rostry/feature/admin/ui/biosecurity/BiosecurityManagementScreen.kt:135:82 
Unresolved reference 'id'.
e: file:///C:/Users/rowdy/AndroidStudioProjects/ROSTRY/feature/admin-dashboard/src/main/java
/com/rio/rostry/feature/admin/ui/biosecurity/BiosecurityManagementScreen.kt:170:72 
Unresolved reference 'BiosecuritySeverity'.
e: file:///C:/Users/rowdy/AndroidStudioProjects/ROSTRY/feature/admin-dashboard/src/main/java
/com/rio/rostry/feature/admin/ui/biosecurity/BiosecurityManagementScreen.kt:171:83 
Unresolved reference 'BiosecuritySeverity'.
e: file:///C:/Users/rowdy/AndroidStudioProjects/ROSTRY/feature/admin-dashboard/src/main/java
/com/rio/rostry/feature/admin/ui/biosecurity/BiosecurityManagementScreen.kt:173:72 
Unresolved reference 'BiosecuritySeverity'.
e: file:///C:/Users/rowdy/AndroidStudioProjects/ROSTRY/feature/admin-dashboard/src/main/java
/com/rio/rostry/feature/admin/ui/biosecurity/BiosecurityManagementScreen.kt:174:128 
Unresolved reference 'BiosecuritySeverity'.
e: file:///C:/Users/rowdy/AndroidStudioProjects/ROSTRY/feature/admin-dashboard/src/main/java
/com/rio/rostry/feature/admin/ui/biosecurity/BiosecurityManagementScreen.kt:200:51 
Unresolved reference 'BiosecuritySeverity'.
e: file:///C:/Users/rowdy/AndroidStudioProjects/ROSTRY/feature/admin-dashboard/src/main/java
/com/rio/rostry/feature/admin/ui/biosecurity/BiosecurityManagementScreen.kt:221:34 
Unresolved reference 'radius'.
e: file:///C:/Users/rowdy/AndroidStudioProjects/ROSTRY/feature/admin-dashboard/src/main/java
/com/rio/rostry/feature/admin/ui/biosecurity/BiosecurityManagementScreen.kt:223:34 
Unresolved reference 'BiosecuritySeverity'.
e: file:///C:/Users/rowdy/AndroidStudioProjects/ROSTRY/feature/admin-dashboard/src/main/java
/com/rio/rostry/feature/admin/ui/commerce/AdminInvoiceViewModel.kt:38:13 'when' expression 
must be exhaustive. Add the 'is Error', 'Loading', 'is Success<*>' branches or an 'else' 
branch.
e: file:///C:/Users/rowdy/AndroidStudioProjects/ROSTRY/feature/admin-dashboard/src/main/java
/com/rio/rostry/feature/admin/ui/commerce/AdminInvoiceViewModel.kt:39:20 One type argument 
expected. Use class 'Success' if you do not intend to pass type arguments.
e: file:///C:/Users/rowdy/AndroidStudioProjects/ROSTRY/feature/admin-dashboard/src/main/java
/com/rio/rostry/feature/admin/ui/commerce/AdminInvoiceViewModel.kt:40:42 Unresolved 
reference 'data'.
e: file:///C:/Users/rowdy/AndroidStudioProjects/ROSTRY/feature/admin-dashboard/src/main/java
/com/rio/rostry/feature/admin/ui/commerce/AdminProductViewModel.kt:66:57 Unresolved 
reference 'Loading'.
e: file:///C:/Users/rowdy/AndroidStudioProjects/ROSTRY/feature/admin-dashboard/src/main/java
/com/rio/rostry/feature/admin/ui/commerce/AdminProductViewModel.kt:181:13 'when' expression 
must be exhaustive. Add the 'is Error<*>', 'is Loading<*>', 'is Success<*>' branches or an 
'else' branch.
e: file:///C:/Users/rowdy/AndroidStudioProjects/ROSTRY/feature/admin-dashboard/src/main/java
/com/rio/rostry/feature/admin/ui/commerce/AdminProductViewModel.kt:182:20 One type argument 
expected. Use class 'Success' if you do not intend to pass type arguments.
e: file:///C:/Users/rowdy/AndroidStudioProjects/ROSTRY/feature/admin-dashboard/src/main/java
/com/rio/rostry/feature/admin/ui/dispute/AdminDisputeDetailViewModel.kt:60:13 'when' 
expression must be exhaustive. Add the 'is Error', 'Loading', 'is Success<*>' branches or 
an 'else' branch.
e: file:///C:/Users/rowdy/AndroidStudioProjects/ROSTRY/feature/admin-dashboard/src/main/java
/com/rio/rostry/feature/admin/ui/dispute/AdminDisputeDetailViewModel.kt:61:20 One type 
argument expected. Use class 'Success' if you do not intend to pass type arguments.
e: file:///C:/Users/rowdy/AndroidStudioProjects/ROSTRY/feature/admin-dashboard/src/main/java
/com/rio/rostry/feature/admin/ui/dispute/AdminDisputeDetailViewModel.kt:62:42 Unresolved 
reference 'data'.
e: file:///C:/Users/rowdy/AndroidStudioProjects/ROSTRY/feature/admin-dashboard/src/main/java
/com/rio/rostry/feature/admin/ui/dispute/AdminDisputeDetailViewModel.kt:71:21 Argument type 
mismatch: actual type is 'R? (of fun <T, R> T.let)', but 'K (of fun <K> WHEN_CALL)' was 
expected.
e: file:///C:/Users/rowdy/AndroidStudioProjects/ROSTRY/feature/admin-dashboard/src/main/java
/com/rio/rostry/feature/admin/ui/dispute/AdminDisputeDetailViewModel.kt:71:30 Cannot infer 
type for this parameter. Specify it explicitly.
e: file:///C:/Users/rowdy/AndroidStudioProjects/ROSTRY/feature/admin-dashboard/src/main/java
/com/rio/rostry/feature/admin/ui/dispute/AdminDisputeDetailViewModel.kt:71:36 Cannot infer 
type for this parameter. Specify it explicitly.
e: file:///C:/Users/rowdy/AndroidStudioProjects/ROSTRY/feature/admin-dashboard/src/main/java
/com/rio/rostry/feature/admin/ui/dispute/AdminDisputeDetailViewModel.kt:72:40 Unresolved 
reference 'reporterId'.
e: file:///C:/Users/rowdy/AndroidStudioProjects/ROSTRY/feature/admin-dashboard/src/main/java
/com/rio/rostry/feature/admin/ui/dispute/AdminDisputeDetailViewModel.kt:73:40 Unresolved 
reference 'reportedUserId'.
e: file:///C:/Users/rowdy/AndroidStudioProjects/ROSTRY/feature/admin-dashboard/src/main/java
/com/rio/rostry/feature/admin/ui/dispute/AdminDisputeDetailViewModel.kt:74:43 Unresolved 
reference 'reporterId'.
e: file:///C:/Users/rowdy/AndroidStudioProjects/ROSTRY/feature/admin-dashboard/src/main/java
/com/rio/rostry/feature/admin/ui/dispute/AdminDisputeDetailViewModel.kt:74:57 Unresolved 
reference 'reportedUserId'.
e: file:///C:/Users/rowdy/AndroidStudioProjects/ROSTRY/feature/admin-dashboard/src/main/java
/com/rio/rostry/feature/admin/ui/dispute/AdminDisputeDetailViewModel.kt:77:20 One type 
argument expected. Use class 'Error' if you do not intend to pass type arguments.
e: file:///C:/Users/rowdy/AndroidStudioProjects/ROSTRY/feature/admin-dashboard/src/main/java
/com/rio/rostry/feature/admin/ui/dispute/AdminDisputeDetailViewModel.kt:78:21 Argument type 
mismatch: actual type is 'Unit', but 'K (of fun <K> WHEN_CALL)' was expected.
e: file:///C:/Users/rowdy/AndroidStudioProjects/ROSTRY/feature/admin-dashboard/src/main/java
/com/rio/rostry/feature/admin/ui/dispute/AdminDisputeDetailViewModel.kt:78:79 Unresolved 
reference 'message'.
e: file:///C:/Users/rowdy/AndroidStudioProjects/ROSTRY/feature/admin-dashboard/src/main/java
/com/rio/rostry/feature/admin/ui/dispute/AdminDisputeDetailViewModel.kt:80:20 One type 
argument expected. Use class 'Loading' if you do not intend to pass type arguments.
e: file:///C:/Users/rowdy/AndroidStudioProjects/ROSTRY/feature/admin-dashboard/src/main/java
/com/rio/rostry/feature/admin/ui/dispute/AdminDisputeDetailViewModel.kt:80:40 Argument type 
mismatch: actual type is 'Unit', but 'K (of fun <K> WHEN_CALL)' was expected.
e: file:///C:/Users/rowdy/AndroidStudioProjects/ROSTRY/feature/admin-dashboard/src/main/java
/com/rio/rostry/feature/admin/ui/dispute/AdminDisputeDetailViewModel.kt:87:48 Unresolved 
reference 'collect'.
e: file:///C:/Users/rowdy/AndroidStudioProjects/ROSTRY/feature/admin-dashboard/src/main/java
/com/rio/rostry/feature/admin/ui/dispute/AdminDisputeDetailViewModel.kt:87:58 Cannot infer 
type for this parameter. Specify it explicitly.
e: file:///C:/Users/rowdy/AndroidStudioProjects/ROSTRY/feature/admin-dashboard/src/main/java
/com/rio/rostry/feature/admin/ui/dispute/AdminDisputeDetailViewModel.kt:88:31 One type 
argument expected. Use class 'Success' if you do not intend to pass type arguments.
e: file:///C:/Users/rowdy/AndroidStudioProjects/ROSTRY/feature/admin-dashboard/src/main/java
/com/rio/rostry/feature/admin/ui/dispute/AdminDisputeDetailViewModel.kt:89:39 Unresolved 
reference 'data'.
e: file:///C:/Users/rowdy/AndroidStudioProjects/ROSTRY/feature/admin-dashboard/src/main/java
/com/rio/rostry/feature/admin/ui/dispute/AdminDisputeDetailViewModel.kt:102:56 Argument 
type mismatch: actual type is 'List<ChatMessage>', but 'List<ChatMessageEntity>' was 
expected.
e: file:///C:/Users/rowdy/AndroidStudioProjects/ROSTRY/feature/admin-dashboard/src/main/java
/com/rio/rostry/feature/admin/ui/dispute/AdminDisputeDetailViewModel.kt:112:69 Argument 
type mismatch: actual type is 'com.rio.rostry.data.database.entity.DisputeStatus', but 
'com.rio.rostry.core.model.DisputeStatus' was expected.
e: file:///C:/Users/rowdy/AndroidStudioProjects/ROSTRY/feature/admin-dashboard/src/main/java
/com/rio/rostry/feature/admin/ui/dispute/AdminDisputeDetailViewModel.kt:113:20 One type 
argument expected. Use class 'Success' if you do not intend to pass type arguments.
e: file:///C:/Users/rowdy/AndroidStudioProjects/ROSTRY/feature/admin-dashboard/src/main/java
/com/rio/rostry/feature/admin/ui/dispute/AdminDisputeDetailViewModel.kt:126:20 One type 
argument expected. Use class 'Error' if you do not intend to pass type arguments.
e: file:///C:/Users/rowdy/AndroidStudioProjects/ROSTRY/feature/admin-dashboard/src/main/java
/com/rio/rostry/feature/admin/ui/dispute/AdminDisputeDetailViewModel.kt:127:56 Unresolved 
reference 'message'.
e: file:///C:/Users/rowdy/AndroidStudioProjects/ROSTRY/feature/admin-dashboard/src/main/java
/com/rio/rostry/feature/admin/ui/dispute/AdminDisputeViewModel.kt:53:17 'when' expression 
must be exhaustive. Add the 'is Error', 'Loading', 'is Success<*>' branches or an 'else' 
branch.
e: file:///C:/Users/rowdy/AndroidStudioProjects/ROSTRY/feature/admin-dashboard/src/main/java
/com/rio/rostry/feature/admin/ui/dispute/AdminDisputeViewModel.kt:54:24 One type argument 
expected. Use class 'Success' if you do not intend to pass type arguments.
e: file:///C:/Users/rowdy/AndroidStudioProjects/ROSTRY/feature/admin-dashboard/src/main/java
/com/rio/rostry/feature/admin/ui/dispute/AdminDisputeViewModel.kt:55:75 Unresolved 
reference 'data'.
e: file:///C:/Users/rowdy/AndroidStudioProjects/ROSTRY/feature/admin-dashboard/src/main/java
/com/rio/rostry/feature/admin/ui/dispute/AdminDisputeViewModel.kt:69:17 'when' expression 
must be exhaustive. Add the 'is Error', 'Loading', 'is Success<*>' branches or an 'else' 
branch.
e: file:///C:/Users/rowdy/AndroidStudioProjects/ROSTRY/feature/admin-dashboard/src/main/java
/com/rio/rostry/feature/admin/ui/dispute/AdminDisputeViewModel.kt:70:24 One type argument 
expected. Use class 'Success' if you do not intend to pass type arguments.
e: file:///C:/Users/rowdy/AndroidStudioProjects/ROSTRY/feature/admin-dashboard/src/main/java
/com/rio/rostry/feature/admin/ui/dispute/AdminDisputeViewModel.kt:71:60 Unresolved 
reference 'data'.
e: file:///C:/Users/rowdy/AndroidStudioProjects/ROSTRY/feature/admin-dashboard/src/main/java
/com/rio/rostry/feature/admin/ui/dispute/AdminDisputeViewModel.kt:87:13 'when' expression 
must be exhaustive. Add the 'is Error', 'Loading', 'is Success<*>' branches or an 'else' 
branch.
e: file:///C:/Users/rowdy/AndroidStudioProjects/ROSTRY/feature/admin-dashboard/src/main/java
/com/rio/rostry/feature/admin/ui/dispute/AdminDisputeViewModel.kt:87:69 Argument type 
mismatch: actual type is 'com.rio.rostry.data.database.entity.DisputeStatus', but 
'com.rio.rostry.core.model.DisputeStatus' was expected.
e: file:///C:/Users/rowdy/AndroidStudioProjects/ROSTRY/feature/admin-dashboard/src/main/java
/com/rio/rostry/feature/admin/ui/dispute/AdminDisputeViewModel.kt:88:20 One type argument 
expected. Use class 'Success' if you do not intend to pass type arguments.
e: file:///C:/Users/rowdy/AndroidStudioProjects/ROSTRY/feature/admin-dashboard/src/main/java
/com/rio/rostry/feature/admin/ui/dispute/AdminDisputeViewModel.kt:111:13 'when' expression 
must be exhaustive. Add the 'is Error<*>', 'is Loading<*>', 'is Success<*>' branches or an 
'else' branch.
e: file:///C:/Users/rowdy/AndroidStudioProjects/ROSTRY/feature/admin-dashboard/src/main/java
/com/rio/rostry/feature/admin/ui/dispute/AdminDisputeViewModel.kt:112:20 One type argument 
expected. Use class 'Success' if you do not intend to pass type arguments.

FAILURE: Build failed with an exception.

* What went wrong:
Execution failed for task ':feature:admin-dashboard:compileDebugKotlin'.
> A failure occurred while executing org.jetbrains.kotlin.compilerRunner.GradleCompilerRunne
rWithWorkers$GradleKotlinCompilerWorkAction
   > Compilation error. See log for more details

* Try:
> Run with --stacktrace option to get the stack trace.
> Run with --info or --debug option to get more log output.
> Run with --scan to generate a Build Scan (powered by Develocity).
> Get more help at https://help.gradle.org.

BUILD FAILED in 11s
157 actionable tasks: 2 executed, 155 up-to-date
Configuration cache entry reused.

e: file:///C:/Users/rowdy/AndroidStudioProjects/ROSTRY/feature/admin-dashboard/src/main/java/com/rio/rostry/feature/admin/ui/analytics/CommerceAnalyticsViewModel.kt:53:36 One type argument expected. Use 
class 'Success' if you do not intend to pass type arguments.
e: file:///C:/Users/rowdy/AndroidStudioProjects/ROSTRY/feature/admin-dashboard/src/main/java/com/rio/rostry/feature/admin/ui/analytics/CommerceAnalyticsViewModel.kt:54:45 Unresolved reference 'data'.
e: file:///C:/Users/rowdy/AndroidStudioProjects/ROSTRY/feature/admin-dashboard/src/main/java/com/rio/rostry/feature/admin/ui/biosecurity/BiosecurityManagementScreen.kt:24:34 Unresolved reference 
'BiosecuritySeverity'.
e: file:///C:/Users/rowdy/AndroidStudioProjects/ROSTRY/feature/admin-dashboard/src/main/java/com/rio/rostry/feature/admin/ui/biosecurity/BiosecurityManagementScreen.kt:48:21 Property delegate must have a 
'getValue(BiosecurityManagementViewModel, KMutableProperty1<BiosecurityManagementViewModel, ERROR CLASS: Cannot infer argument for type parameter T>)' method. None of the following functions is applicable:
e: file:///C:/Users/rowdy/AndroidStudioProjects/ROSTRY/feature/admin-dashboard/src/main/java/com/rio/rostry/feature/admin/ui/biosecurity/BiosecurityManagementScreen.kt:48:21 Property delegate must have a 
'setValue(BiosecurityManagementViewModel, KMutableProperty1<BiosecurityManagementViewModel, ERROR CLASS: Cannot infer argument for type parameter T>, ERROR CLASS: Cannot infer argument for type parameter 
T)' method. None of the following functions is applicable:
fun <T> MutableState<T>.setValue(thisObj: Any?, property: KProperty<*>, value: T): Unit
e: file:///C:/Users/rowdy/AndroidStudioProjects/ROSTRY/feature/admin-dashboard/src/main/java/com/rio/rostry/feature/admin/ui/biosecurity/BiosecurityManagementScreen.kt:48:24 Cannot infer type for this 
parameter. Specify it explicitly.
e: file:///C:/Users/rowdy/AndroidStudioProjects/ROSTRY/feature/admin-dashboard/src/main/java/com/rio/rostry/feature/admin/ui/biosecurity/BiosecurityManagementScreen.kt:48:24 Not enough information to infer 
type argument for 'T'.
e: file:///C:/Users/rowdy/AndroidStudioProjects/ROSTRY/feature/admin-dashboard/src/main/java/com/rio/rostry/feature/admin/ui/biosecurity/BiosecurityManagementScreen.kt:48:24 Cannot infer type for this 
parameter. Specify it explicitly.
e: file:///C:/Users/rowdy/AndroidStudioProjects/ROSTRY/feature/admin-dashboard/src/main/java/com/rio/rostry/feature/admin/ui/biosecurity/BiosecurityManagementScreen.kt:48:24 Not enough information to infer 
type argument for 'T'.
e: file:///C:/Users/rowdy/AndroidStudioProjects/ROSTRY/feature/admin-dashboard/src/main/java/com/rio/rostry/feature/admin/ui/biosecurity/BiosecurityManagementScreen.kt:48:39 Unresolved reference 
'BiosecuritySeverity'.
e: file:///C:/Users/rowdy/AndroidStudioProjects/ROSTRY/feature/admin-dashboard/src/main/java/com/rio/rostry/feature/admin/ui/biosecurity/BiosecurityManagementScreen.kt:67:17 No parameter with name 'id' 
found.
e: file:///C:/Users/rowdy/AndroidStudioProjects/ROSTRY/feature/admin-dashboard/src/main/java/com/rio/rostry/feature/admin/ui/biosecurity/BiosecurityManagementScreen.kt:70:17 No parameter with name 'radius' 
found.
e: file:///C:/Users/rowdy/AndroidStudioProjects/ROSTRY/feature/admin-dashboard/src/main/java/com/rio/rostry/feature/admin/ui/biosecurity/BiosecurityManagementScreen.kt:73:17 No value passed for parameter 
'zoneId'.
e: file:///C:/Users/rowdy/AndroidStudioProjects/ROSTRY/feature/admin-dashboard/src/main/java/com/rio/rostry/feature/admin/ui/biosecurity/BiosecurityManagementScreen.kt:73:17 No value passed for parameter 
'radiusMeters'.
e: file:///C:/Users/rowdy/AndroidStudioProjects/ROSTRY/feature/admin-dashboard/src/main/java/com/rio/rostry/feature/admin/ui/biosecurity/BiosecurityManagementScreen.kt:73:17 No value passed for parameter 
'createdAt'.
e: file:///C:/Users/rowdy/AndroidStudioProjects/ROSTRY/feature/admin-dashboard/src/main/java/com/rio/rostry/feature/admin/ui/biosecurity/BiosecurityManagementScreen.kt:135:82 Unresolved reference 'id'.
e: file:///C:/Users/rowdy/AndroidStudioProjects/ROSTRY/feature/admin-dashboard/src/main/java/com/rio/rostry/feature/admin/ui/biosecurity/BiosecurityManagementScreen.kt:170:72 Unresolved reference 
'BiosecuritySeverity'.
e: file:///C:/Users/rowdy/AndroidStudioProjects/ROSTRY/feature/admin-dashboard/src/main/java/com/rio/rostry/feature/admin/ui/biosecurity/BiosecurityManagementScreen.kt:171:83 Unresolved reference 
'BiosecuritySeverity'.
e: file:///C:/Users/rowdy/AndroidStudioProjects/ROSTRY/feature/admin-dashboard/src/main/java/com/rio/rostry/feature/admin/ui/biosecurity/BiosecurityManagementScreen.kt:173:72 Unresolved reference 
'BiosecuritySeverity'.
e: file:///C:/Users/rowdy/AndroidStudioProjects/ROSTRY/feature/admin-dashboard/src/main/java/com/rio/rostry/feature/admin/ui/biosecurity/BiosecurityManagementScreen.kt:174:128 Unresolved reference 
'BiosecuritySeverity'.
e: file:///C:/Users/rowdy/AndroidStudioProjects/ROSTRY/feature/admin-dashboard/src/main/java/com/rio/rostry/feature/admin/ui/biosecurity/BiosecurityManagementScreen.kt:200:51 Unresolved reference 
'BiosecuritySeverity'.
e: file:///C:/Users/rowdy/AndroidStudioProjects/ROSTRY/feature/admin-dashboard/src/main/java/com/rio/rostry/feature/admin/ui/biosecurity/BiosecurityManagementScreen.kt:221:34 Unresolved reference 'radius'.
e: file:///C:/Users/rowdy/AndroidStudioProjects/ROSTRY/feature/admin-dashboard/src/main/java/com/rio/rostry/feature/admin/ui/biosecurity/BiosecurityManagementScreen.kt:223:34 Unresolved reference 
'BiosecuritySeverity'.
e: file:///C:/Users/rowdy/AndroidStudioProjects/ROSTRY/feature/admin-dashboard/src/main/java/com/rio/rostry/feature/admin/ui/commerce/AdminInvoiceViewModel.kt:39:20 One type argument expected. Use class 
'Success' if you do not intend to pass type arguments.
e: file:///C:/Users/rowdy/AndroidStudioProjects/ROSTRY/feature/admin-dashboard/src/main/java/com/rio/rostry/feature/admin/ui/commerce/AdminInvoiceViewModel.kt:40:42 Unresolved reference 'data'.
e: file:///C:/Users/rowdy/AndroidStudioProjects/ROSTRY/feature/admin-dashboard/src/main/java/com/rio/rostry/feature/admin/ui/commerce/AdminInvoiceViewModel.kt:43:20 One type argument expected. Use class 
'Error' if you do not intend to pass type arguments.
e: file:///C:/Users/rowdy/AndroidStudioProjects/ROSTRY/feature/admin-dashboard/src/main/java/com/rio/rostry/feature/admin/ui/commerce/AdminInvoiceViewModel.kt:44:43 Unresolved reference 'message'.
e: file:///C:/Users/rowdy/AndroidStudioProjects/ROSTRY/feature/admin-dashboard/src/main/java/com/rio/rostry/feature/admin/ui/commerce/AdminProductViewModel.kt:66:57 Unresolved reference 'Loading'.
e: file:///C:/Users/rowdy/AndroidStudioProjects/ROSTRY/feature/admin-dashboard/src/main/java/com/rio/rostry/feature/admin/ui/dispute/AdminDisputeDetailViewModel.kt:60:13 'when' expression must be 
exhaustive. Add the 'is Error', 'Loading', 'is Success<*>' branches or an 'else' branch.
e: file:///C:/Users/rowdy/AndroidStudioProjects/ROSTRY/feature/admin-dashboard/src/main/java/com/rio/rostry/feature/admin/ui/dispute/AdminDisputeDetailViewModel.kt:61:20 One type argument expected. Use 
class 'Success' if you do not intend to pass type arguments.
e: file:///C:/Users/rowdy/AndroidStudioProjects/ROSTRY/feature/admin-dashboard/src/main/java/com/rio/rostry/feature/admin/ui/dispute/AdminDisputeDetailViewModel.kt:62:42 Unresolved reference 'data'.
e: file:///C:/Users/rowdy/AndroidStudioProjects/ROSTRY/feature/admin-dashboard/src/main/java/com/rio/rostry/feature/admin/ui/dispute/AdminDisputeDetailViewModel.kt:71:21 Argument type mismatch: actual type 
is 'R? (of fun <T, R> T.let)', but 'K (of fun <K> WHEN_CALL)' was expected.
e: file:///C:/Users/rowdy/AndroidStudioProjects/ROSTRY/feature/admin-dashboard/src/main/java/com/rio/rostry/feature/admin/ui/dispute/AdminDisputeDetailViewModel.kt:71:30 Cannot infer type for this 
parameter. Specify it explicitly.
e: file:///C:/Users/rowdy/AndroidStudioProjects/ROSTRY/feature/admin-dashboard/src/main/java/com/rio/rostry/feature/admin/ui/dispute/AdminDisputeDetailViewModel.kt:71:36 Cannot infer type for this 
parameter. Specify it explicitly.
e: file:///C:/Users/rowdy/AndroidStudioProjects/ROSTRY/feature/admin-dashboard/src/main/java/com/rio/rostry/feature/admin/ui/dispute/AdminDisputeDetailViewModel.kt:72:40 Unresolved reference 'reporterId'.
e: file:///C:/Users/rowdy/AndroidStudioProjects/ROSTRY/feature/admin-dashboard/src/main/java/com/rio/rostry/feature/admin/ui/dispute/AdminDisputeDetailViewModel.kt:73:40 Unresolved reference 
'reportedUserId'.
e: file:///C:/Users/rowdy/AndroidStudioProjects/ROSTRY/feature/admin-dashboard/src/main/java/com/rio/rostry/feature/admin/ui/dispute/AdminDisputeDetailViewModel.kt:74:43 Unresolved reference 'reporterId'.
e: file:///C:/Users/rowdy/AndroidStudioProjects/ROSTRY/feature/admin-dashboard/src/main/java/com/rio/rostry/feature/admin/ui/dispute/AdminDisputeDetailViewModel.kt:74:57 Unresolved reference 
'reportedUserId'.
e: file:///C:/Users/rowdy/AndroidStudioProjects/ROSTRY/feature/admin-dashboard/src/main/java/com/rio/rostry/feature/admin/ui/dispute/AdminDisputeDetailViewModel.kt:77:20 One type argument expected. Use 
class 'Error' if you do not intend to pass type arguments.
e: file:///C:/Users/rowdy/AndroidStudioProjects/ROSTRY/feature/admin-dashboard/src/main/java/com/rio/rostry/feature/admin/ui/dispute/AdminDisputeDetailViewModel.kt:78:21 Argument type mismatch: actual type 
is 'Unit', but 'K (of fun <K> WHEN_CALL)' was expected.
e: file:///C:/Users/rowdy/AndroidStudioProjects/ROSTRY/feature/admin-dashboard/src/main/java/com/rio/rostry/feature/admin/ui/dispute/AdminDisputeDetailViewModel.kt:78:79 Unresolved reference 'message'.
e: file:///C:/Users/rowdy/AndroidStudioProjects/ROSTRY/feature/admin-dashboard/src/main/java/com/rio/rostry/feature/admin/ui/dispute/AdminDisputeDetailViewModel.kt:80:20 One type argument expected. Use 
class 'Loading' if you do not intend to pass type arguments.
e: file:///C:/Users/rowdy/AndroidStudioProjects/ROSTRY/feature/admin-dashboard/src/main/java/com/rio/rostry/feature/admin/ui/dispute/AdminDisputeDetailViewModel.kt:80:40 Argument type mismatch: actual type 
is 'Unit', but 'K (of fun <K> WHEN_CALL)' was expected.
e: file:///C:/Users/rowdy/AndroidStudioProjects/ROSTRY/feature/admin-dashboard/src/main/java/com/rio/rostry/feature/admin/ui/dispute/AdminDisputeDetailViewModel.kt:87:48 Unresolved reference 'collect'.
e: file:///C:/Users/rowdy/AndroidStudioProjects/ROSTRY/feature/admin-dashboard/src/main/java/com/rio/rostry/feature/admin/ui/dispute/AdminDisputeDetailViewModel.kt:87:58 Cannot infer type for this 
parameter. Specify it explicitly.
e: file:///C:/Users/rowdy/AndroidStudioProjects/ROSTRY/feature/admin-dashboard/src/main/java/com/rio/rostry/feature/admin/ui/dispute/AdminDisputeDetailViewModel.kt:88:31 One type argument expected. Use 
class 'Success' if you do not intend to pass type arguments.
e: file:///C:/Users/rowdy/AndroidStudioProjects/ROSTRY/feature/admin-dashboard/src/main/java/com/rio/rostry/feature/admin/ui/dispute/AdminDisputeDetailViewModel.kt:89:39 Unresolved reference 'data'.
e: file:///C:/Users/rowdy/AndroidStudioProjects/ROSTRY/feature/admin-dashboard/src/main/java/com/rio/rostry/feature/admin/ui/dispute/AdminDisputeDetailViewModel.kt:102:56 Argument type mismatch: actual type 
is 'List<ChatMessage>', but 'List<ChatMessageEntity>' was expected.
e: file:///C:/Users/rowdy/AndroidStudioProjects/ROSTRY/feature/admin-dashboard/src/main/java/com/rio/rostry/feature/admin/ui/dispute/AdminDisputeDetailViewModel.kt:112:69 Argument type mismatch: actual type 
is 'com.rio.rostry.data.database.entity.DisputeStatus', but 'com.rio.rostry.core.model.DisputeStatus' was expected.
e: file:///C:/Users/rowdy/AndroidStudioProjects/ROSTRY/feature/admin-dashboard/src/main/java/com/rio/rostry/feature/admin/ui/dispute/AdminDisputeDetailViewModel.kt:113:20 One type argument expected. Use 
class 'Success' if you do not intend to pass type arguments.
e: file:///C:/Users/rowdy/AndroidStudioProjects/ROSTRY/feature/admin-dashboard/src/main/java/com/rio/rostry/feature/admin/ui/dispute/AdminDisputeDetailViewModel.kt:126:20 One type argument expected. Use 
class 'Error' if you do not intend to pass type arguments.
e: file:///C:/Users/rowdy/AndroidStudioProjects/ROSTRY/feature/admin-dashboard/src/main/java/com/rio/rostry/feature/admin/ui/dispute/AdminDisputeDetailViewModel.kt:127:56 Unresolved reference 'message'.
e: file:///C:/Users/rowdy/AndroidStudioProjects/ROSTRY/feature/admin-dashboard/src/main/java/com/rio/rostry/feature/admin/ui/dispute/AdminDisputeViewModel.kt:53:17 'when' expression must be exhaustive. Add 
the 'is Error', 'Loading', 'is Success<*>' branches or an 'else' branch.
e: file:///C:/Users/rowdy/AndroidStudioProjects/ROSTRY/feature/admin-dashboard/src/main/java/com/rio/rostry/feature/admin/ui/dispute/AdminDisputeViewModel.kt:54:24 One type argument expected. Use class 
'Success' if you do not intend to pass type arguments.
e: file:///C:/Users/rowdy/AndroidStudioProjects/ROSTRY/feature/admin-dashboard/src/main/java/com/rio/rostry/feature/admin/ui/dispute/AdminDisputeViewModel.kt:55:75 Unresolved reference 'data'.
e: file:///C:/Users/rowdy/AndroidStudioProjects/ROSTRY/feature/admin-dashboard/src/main/java/com/rio/rostry/feature/admin/ui/dispute/AdminDisputeViewModel.kt:69:17 'when' expression must be exhaustive. Add 
the 'is Error', 'Loading', 'is Success<*>' branches or an 'else' branch.
e: file:///C:/Users/rowdy/AndroidStudioProjects/ROSTRY/feature/admin-dashboard/src/main/java/com/rio/rostry/feature/admin/ui/dispute/AdminDisputeViewModel.kt:70:24 One type argument expected. Use class 
'Success' if you do not intend to pass type arguments.
e: file:///C:/Users/rowdy/AndroidStudioProjects/ROSTRY/feature/admin-dashboard/src/main/java/com/rio/rostry/feature/admin/ui/dispute/AdminDisputeViewModel.kt:71:60 Unresolved reference 'data'.
e: file:///C:/Users/rowdy/AndroidStudioProjects/ROSTRY/feature/admin-dashboard/src/main/java/com/rio/rostry/feature/admin/ui/dispute/AdminDisputeViewModel.kt:87:13 'when' expression must be exhaustive. Add 
the 'is Error', 'Loading', 'is Success<*>' branches or an 'else' branch.
e: file:///C:/Users/rowdy/AndroidStudioProjects/ROSTRY/feature/admin-dashboard/src/main/java/com/rio/rostry/feature/admin/ui/dispute/AdminDisputeViewModel.kt:87:69 Argument type mismatch: actual type is 
'com.rio.rostry.data.database.entity.DisputeStatus', but 'com.rio.rostry.core.model.DisputeStatus' was expected.
e: file:///C:/Users/rowdy/AndroidStudioProjects/ROSTRY/feature/admin-dashboard/src/main/java/com/rio/rostry/feature/admin/ui/dispute/AdminDisputeViewModel.kt:88:20 One type argument expected. Use class 
'Success' if you do not intend to pass type arguments.
e: file:///C:/Users/rowdy/AndroidStudioProjects/ROSTRY/feature/admin-dashboard/src/main/java/com/rio/rostry/feature/admin/ui/dispute/AdminDisputeViewModel.kt:111:13 'when' expression must be exhaustive. Add 
the 'is Error<*>', 'is Loading<*>', 'is Success<*>' branches or an 'else' branch.
e: file:///C:/Users/rowdy/AndroidStudioProjects/ROSTRY/feature/admin-dashboard/src/main/java/com/rio/rostry/feature/admin/ui/dispute/AdminDisputeViewModel.kt:112:20 One type argument expected. Use class 
'Success' if you do not intend to pass type arguments.
FAILURE: Build failed with an exception.



e: file:///C:/Users/rowdy/AndroidStudioProjects/ROSTRY/feature/admin-dashbo
ard/src/main/java/com/rio/rostry/feature/admin/ui/analytics/CommerceAnalyti
csViewModel.kt:53:36 One type argument expected. Use class 'Success' if 
you do not intend to pass type arguments.
e: file:///C:/Users/rowdy/AndroidStudioProjects/ROSTRY/feature/admin-dashbo
ard/src/main/java/com/rio/rostry/feature/admin/ui/analytics/CommerceAnalyti
csViewModel.kt:54:45 Unresolved reference 'data'.
e: file:///C:/Users/rowdy/AndroidStudioProjects/ROSTRY/feature/admin-dashbo
ard/src/main/java/com/rio/rostry/feature/admin/ui/biosecurity/BiosecurityMa
nagementScreen.kt:24:34 Unresolved reference 'BiosecuritySeverity'.
e: file:///C:/Users/rowdy/AndroidStudioProjects/ROSTRY/feature/admin-dashbo
ard/src/main/java/com/rio/rostry/feature/admin/ui/biosecurity/BiosecurityMa
nagementScreen.kt:48:21 Property delegate must have a 
'getValue(BiosecurityManagementViewModel, 
KMutableProperty1<BiosecurityManagementViewModel, ERROR CLASS: Cannot 
infer argument for type parameter T>)' method. None of the following 
functions is applicable:
e: file:///C:/Users/rowdy/AndroidStudioProjects/ROSTRY/feature/admin-dashbo
ard/src/main/java/com/rio/rostry/feature/admin/ui/biosecurity/BiosecurityMa
nagementScreen.kt:48:21 Property delegate must have a 
'setValue(BiosecurityManagementViewModel, 
KMutableProperty1<BiosecurityManagementViewModel, ERROR CLASS: Cannot 
infer argument for type parameter T>, ERROR CLASS: Cannot infer argument 
for type parameter T)' method. None of the following functions is 
applicable:
fun <T> MutableState<T>.setValue(thisObj: Any?, property: KProperty<*>, 
value: T): Unit
e: file:///C:/Users/rowdy/AndroidStudioProjects/ROSTRY/feature/admin-dashbo
ard/src/main/java/com/rio/rostry/feature/admin/ui/biosecurity/BiosecurityMa
nagementScreen.kt:48:24 Cannot infer type for this parameter. Specify it 
explicitly.
e: file:///C:/Users/rowdy/AndroidStudioProjects/ROSTRY/feature/admin-dashbo
ard/src/main/java/com/rio/rostry/feature/admin/ui/biosecurity/BiosecurityMa
nagementScreen.kt:48:24 Not enough information to infer type argument for 
'T'.
e: file:///C:/Users/rowdy/AndroidStudioProjects/ROSTRY/feature/admin-dashbo
ard/src/main/java/com/rio/rostry/feature/admin/ui/biosecurity/BiosecurityMa
nagementScreen.kt:48:24 Cannot infer type for this parameter. Specify it 
explicitly.
e: file:///C:/Users/rowdy/AndroidStudioProjects/ROSTRY/feature/admin-dashbo
ard/src/main/java/com/rio/rostry/feature/admin/ui/biosecurity/BiosecurityMa
nagementScreen.kt:48:24 Not enough information to infer type argument for 
'T'.
e: file:///C:/Users/rowdy/AndroidStudioProjects/ROSTRY/feature/admin-dashbo
ard/src/main/java/com/rio/rostry/feature/admin/ui/biosecurity/BiosecurityMa
nagementScreen.kt:48:39 Unresolved reference 'BiosecuritySeverity'.
e: file:///C:/Users/rowdy/AndroidStudioProjects/ROSTRY/feature/admin-dashbo
ard/src/main/java/com/rio/rostry/feature/admin/ui/biosecurity/BiosecurityMa
nagementScreen.kt:67:17 No parameter with name 'id' found.
e: file:///C:/Users/rowdy/AndroidStudioProjects/ROSTRY/feature/admin-dashbo
ard/src/main/java/com/rio/rostry/feature/admin/ui/biosecurity/BiosecurityMa
nagementScreen.kt:70:17 No parameter with name 'radius' found.
e: file:///C:/Users/rowdy/AndroidStudioProjects/ROSTRY/feature/admin-dashbo
ard/src/main/java/com/rio/rostry/feature/admin/ui/biosecurity/BiosecurityMa
nagementScreen.kt:73:17 No value passed for parameter 'zoneId'.
e: file:///C:/Users/rowdy/AndroidStudioProjects/ROSTRY/feature/admin-dashbo
ard/src/main/java/com/rio/rostry/feature/admin/ui/biosecurity/BiosecurityMa
nagementScreen.kt:73:17 No value passed for parameter 'radiusMeters'.
e: file:///C:/Users/rowdy/AndroidStudioProjects/ROSTRY/feature/admin-dashbo
ard/src/main/java/com/rio/rostry/feature/admin/ui/biosecurity/BiosecurityMa
nagementScreen.kt:73:17 No value passed for parameter 'createdAt'.
e: file:///C:/Users/rowdy/AndroidStudioProjects/ROSTRY/feature/admin-dashbo
ard/src/main/java/com/rio/rostry/feature/admin/ui/biosecurity/BiosecurityMa
nagementScreen.kt:135:82 Unresolved reference 'id'.
e: file:///C:/Users/rowdy/AndroidStudioProjects/ROSTRY/feature/admin-dashbo
ard/src/main/java/com/rio/rostry/feature/admin/ui/biosecurity/BiosecurityMa
nagementScreen.kt:170:72 Unresolved reference 'BiosecuritySeverity'.
e: file:///C:/Users/rowdy/AndroidStudioProjects/ROSTRY/feature/admin-dashbo
ard/src/main/java/com/rio/rostry/feature/admin/ui/biosecurity/BiosecurityMa
nagementScreen.kt:171:83 Unresolved reference 'BiosecuritySeverity'.
e: file:///C:/Users/rowdy/AndroidStudioProjects/ROSTRY/feature/admin-dashbo
ard/src/main/java/com/rio/rostry/feature/admin/ui/biosecurity/BiosecurityMa
nagementScreen.kt:173:72 Unresolved reference 'BiosecuritySeverity'.
e: file:///C:/Users/rowdy/AndroidStudioProjects/ROSTRY/feature/admin-dashbo
ard/src/main/java/com/rio/rostry/feature/admin/ui/biosecurity/BiosecurityMa
nagementScreen.kt:174:128 Unresolved reference 'BiosecuritySeverity'.
e: file:///C:/Users/rowdy/AndroidStudioProjects/ROSTRY/feature/admin-dashbo
ard/src/main/java/com/rio/rostry/feature/admin/ui/biosecurity/BiosecurityMa
nagementScreen.kt:200:51 Unresolved reference 'BiosecuritySeverity'.
e: file:///C:/Users/rowdy/AndroidStudioProjects/ROSTRY/feature/admin-dashbo
ard/src/main/java/com/rio/rostry/feature/admin/ui/biosecurity/BiosecurityMa
nagementScreen.kt:221:34 Unresolved reference 'radius'.
e: file:///C:/Users/rowdy/AndroidStudioProjects/ROSTRY/feature/admin-dashbo
ard/src/main/java/com/rio/rostry/feature/admin/ui/biosecurity/BiosecurityMa
nagementScreen.kt:223:34 Unresolved reference 'BiosecuritySeverity'.
e: file:///C:/Users/rowdy/AndroidStudioProjects/ROSTRY/feature/admin-dashbo
ard/src/main/java/com/rio/rostry/feature/admin/ui/commerce/AdminInvoiceView
Model.kt:39:20 One type argument expected. Use class 'Success' if you do 
not intend to pass type arguments.
e: file:///C:/Users/rowdy/AndroidStudioProjects/ROSTRY/feature/admin-dashbo
ard/src/main/java/com/rio/rostry/feature/admin/ui/commerce/AdminInvoiceView
Model.kt:40:42 Unresolved reference 'data'.
e: file:///C:/Users/rowdy/AndroidStudioProjects/ROSTRY/feature/admin-dashbo
ard/src/main/java/com/rio/rostry/feature/admin/ui/commerce/AdminInvoiceView
Model.kt:43:20 One type argument expected. Use class 'Error' if you do not 
intend to pass type arguments.
e: file:///C:/Users/rowdy/AndroidStudioProjects/ROSTRY/feature/admin-dashbo
ard/src/main/java/com/rio/rostry/feature/admin/ui/commerce/AdminInvoiceView
Model.kt:44:43 Unresolved reference 'message'.
e: file:///C:/Users/rowdy/AndroidStudioProjects/ROSTRY/feature/admin-dashbo
ard/src/main/java/com/rio/rostry/feature/admin/ui/commerce/AdminProductView
Model.kt:66:57 Unresolved reference 'Loading'.
e: file:///C:/Users/rowdy/AndroidStudioProjects/ROSTRY/feature/admin-dashbo
ard/src/main/java/com/rio/rostry/feature/admin/ui/dispute/AdminDisputeDetai
lScreen.kt:101:54 Unresolved reference 'disputeId'.
e: file:///C:/Users/rowdy/AndroidStudioProjects/ROSTRY/feature/admin-dashbo
ard/src/main/java/com/rio/rostry/feature/admin/ui/dispute/AdminDisputeDetai
lScreen.kt:102:57 Argument type mismatch: actual type is 
'com.rio.rostry.core.model.DisputeStatus', but 
'com.rio.rostry.data.database.entity.DisputeStatus' was expected.
e: file:///C:/Users/rowdy/AndroidStudioProjects/ROSTRY/feature/admin-dashbo
ard/src/main/java/com/rio/rostry/feature/admin/ui/dispute/AdminDisputeDetai
lScreen.kt:325:74 Argument type mismatch: actual type is 
'com.rio.rostry.data.database.entity.DisputeStatus', but 
'com.rio.rostry.core.model.DisputeStatus' was expected.
e: file:///C:/Users/rowdy/AndroidStudioProjects/ROSTRY/feature/admin-dashbo
ard/src/main/java/com/rio/rostry/feature/admin/ui/dispute/AdminDisputeDetai
lViewModel.kt:58:13 'when' expression must be exhaustive. Add the 
'Loading' branch or an 'else' branch.
e: file:///C:/Users/rowdy/AndroidStudioProjects/ROSTRY/feature/admin-dashbo
ard/src/main/java/com/rio/rostry/feature/admin/ui/dispute/AdminDisputeDetai
lViewModel.kt:84:48 Unresolved reference 'collect'.
e: file:///C:/Users/rowdy/AndroidStudioProjects/ROSTRY/feature/admin-dashbo
ard/src/main/java/com/rio/rostry/feature/admin/ui/dispute/AdminDisputeDetai
lViewModel.kt:84:58 Cannot infer type for this parameter. Specify it 
explicitly.
e: file:///C:/Users/rowdy/AndroidStudioProjects/ROSTRY/feature/admin-dashbo
ard/src/main/java/com/rio/rostry/feature/admin/ui/dispute/AdminDisputeDetai
lViewModel.kt:85:31 One type argument expected. Use class 'Success' if you 
do not intend to pass type arguments.
e: file:///C:/Users/rowdy/AndroidStudioProjects/ROSTRY/feature/admin-dashbo
ard/src/main/java/com/rio/rostry/feature/admin/ui/dispute/AdminDisputeDetai
lViewModel.kt:86:39 Unresolved reference 'data'.
e: file:///C:/Users/rowdy/AndroidStudioProjects/ROSTRY/feature/admin-dashbo
ard/src/main/java/com/rio/rostry/feature/admin/ui/dispute/AdminDisputeDetai
lViewModel.kt:99:56 Argument type mismatch: actual type is 
'List<ChatMessage>', but 'List<ChatMessageEntity>' was expected.
e: file:///C:/Users/rowdy/AndroidStudioProjects/ROSTRY/feature/admin-dashbo
ard/src/main/java/com/rio/rostry/feature/admin/ui/dispute/AdminDisputeDetai
lViewModel.kt:109:13 'when' expression must be exhaustive. Add the 
'Loading' branch or an 'else' branch.
e: file:///C:/Users/rowdy/AndroidStudioProjects/ROSTRY/feature/admin-dashbo
ard/src/main/java/com/rio/rostry/feature/admin/ui/dispute/AdminDisputeScree
n.kt:118:55 Unresolved reference 'disputeId'.
e: file:///C:/Users/rowdy/AndroidStudioProjects/ROSTRY/feature/admin-dashbo
ard/src/main/java/com/rio/rostry/feature/admin/ui/dispute/AdminDisputeScree
n.kt:120:43 Argument type mismatch: actual type is 'Dispute', but 
'DisputeEntity' was expected.
e: file:///C:/Users/rowdy/AndroidStudioProjects/ROSTRY/feature/admin-dashbo
ard/src/main/java/com/rio/rostry/feature/admin/ui/dispute/AdminDisputeScree
n.kt:122:78 Unresolved reference 'disputeId'.
e: file:///C:/Users/rowdy/AndroidStudioProjects/ROSTRY/feature/admin-dashbo
ard/src/main/java/com/rio/rostry/feature/admin/ui/dispute/AdminDisputeScree
n.kt:124:70 Unresolved reference 'disputeId'.
e: file:///C:/Users/rowdy/AndroidStudioProjects/ROSTRY/feature/admin-dashbo
ard/src/main/java/com/rio/rostry/feature/admin/ui/dispute/AdminDisputeScree
n.kt:124:81 Argument type mismatch: actual type is 
'com.rio.rostry.data.database.entity.DisputeStatus', but 
'com.rio.rostry.core.model.DisputeStatus' was expected.
e: file:///C:/Users/rowdy/AndroidStudioProjects/ROSTRY/feature/admin-dashbo
ard/src/main/java/com/rio/rostry/feature/admin/ui/dispute/AdminDisputeScree
n.kt:130:71 Unresolved reference 'disputeId'.
e: file:///C:/Users/rowdy/AndroidStudioProjects/ROSTRY/feature/admin-dashbo
ard/src/main/java/com/rio/rostry/feature/admin/ui/dispute/AdminDisputeViewM
odel.kt:52:17 'when' expression must be exhaustive. Add the 'Loading' 
branch or an 'else' branch.
e: file:///C:/Users/rowdy/AndroidStudioProjects/ROSTRY/feature/admin-dashbo
ard/src/main/java/com/rio/rostry/feature/admin/ui/dispute/AdminDisputeViewM
odel.kt:68:17 'when' expression must be exhaustive. Add the 'Loading' 
branch or an 'else' branch.
e: file:///C:/Users/rowdy/AndroidStudioProjects/ROSTRY/feature/admin-dashbo
ard/src/main/java/com/rio/rostry/feature/admin/ui/dispute/AdminDisputeViewM
odel.kt:86:13 'when' expression must be exhaustive. Add the 'Loading' 
branch or an 'else' branch.
FAILURE: Build failed with an exception.



e: file:///C:/Users/rowdy/AndroidStudioProjects/ROSTRY/feature/admin-dashbo
ard/src/main/java/com/rio/rostry/feature/admin/ui/analytics/CommerceAnalyti
csViewModel.kt:53:36 One type argument expected. Use class 'Success' if 
you do not intend to pass type arguments.
e: file:///C:/Users/rowdy/AndroidStudioProjects/ROSTRY/feature/admin-dashbo
ard/src/main/java/com/rio/rostry/feature/admin/ui/analytics/CommerceAnalyti
csViewModel.kt:54:45 Unresolved reference 'data'.
e: file:///C:/Users/rowdy/AndroidStudioProjects/ROSTRY/feature/admin-dashbo
ard/src/main/java/com/rio/rostry/feature/admin/ui/biosecurity/BiosecurityMa
nagementScreen.kt:24:34 Unresolved reference 'BiosecuritySeverity'.
e: file:///C:/Users/rowdy/AndroidStudioProjects/ROSTRY/feature/admin-dashbo
ard/src/main/java/com/rio/rostry/feature/admin/ui/biosecurity/BiosecurityMa
nagementScreen.kt:48:21 Property delegate must have a 
'getValue(BiosecurityManagementViewModel, 
KMutableProperty1<BiosecurityManagementViewModel, ERROR CLASS: Cannot 
infer argument for type parameter T>)' method. None of the following 
functions is applicable:
e: file:///C:/Users/rowdy/AndroidStudioProjects/ROSTRY/feature/admin-dashbo
ard/src/main/java/com/rio/rostry/feature/admin/ui/biosecurity/BiosecurityMa
nagementScreen.kt:48:21 Property delegate must have a 
'setValue(BiosecurityManagementViewModel, 
KMutableProperty1<BiosecurityManagementViewModel, ERROR CLASS: Cannot 
infer argument for type parameter T>, ERROR CLASS: Cannot infer argument 
for type parameter T)' method. None of the following functions is 
applicable:
fun <T> MutableState<T>.setValue(thisObj: Any?, property: KProperty<*>, 
value: T): Unit
e: file:///C:/Users/rowdy/AndroidStudioProjects/ROSTRY/feature/admin-dashbo
ard/src/main/java/com/rio/rostry/feature/admin/ui/biosecurity/BiosecurityMa
nagementScreen.kt:48:24 Cannot infer type for this parameter. Specify it 
explicitly.
e: file:///C:/Users/rowdy/AndroidStudioProjects/ROSTRY/feature/admin-dashbo
ard/src/main/java/com/rio/rostry/feature/admin/ui/biosecurity/BiosecurityMa
nagementScreen.kt:48:24 Not enough information to infer type argument for 
'T'.
e: file:///C:/Users/rowdy/AndroidStudioProjects/ROSTRY/feature/admin-dashbo
ard/src/main/java/com/rio/rostry/feature/admin/ui/biosecurity/BiosecurityMa
nagementScreen.kt:48:24 Cannot infer type for this parameter. Specify it 
explicitly.
e: file:///C:/Users/rowdy/AndroidStudioProjects/ROSTRY/feature/admin-dashbo
ard/src/main/java/com/rio/rostry/feature/admin/ui/biosecurity/BiosecurityMa
nagementScreen.kt:48:24 Not enough information to infer type argument for 
'T'.
e: file:///C:/Users/rowdy/AndroidStudioProjects/ROSTRY/feature/admin-dashbo
ard/src/main/java/com/rio/rostry/feature/admin/ui/biosecurity/BiosecurityMa
nagementScreen.kt:48:39 Unresolved reference 'BiosecuritySeverity'.
e: file:///C:/Users/rowdy/AndroidStudioProjects/ROSTRY/feature/admin-dashbo
ard/src/main/java/com/rio/rostry/feature/admin/ui/biosecurity/BiosecurityMa
nagementScreen.kt:67:17 No parameter with name 'id' found.
e: file:///C:/Users/rowdy/AndroidStudioProjects/ROSTRY/feature/admin-dashbo
ard/src/main/java/com/rio/rostry/feature/admin/ui/biosecurity/BiosecurityMa
nagementScreen.kt:70:17 No parameter with name 'radius' found.
e: file:///C:/Users/rowdy/AndroidStudioProjects/ROSTRY/feature/admin-dashbo
ard/src/main/java/com/rio/rostry/feature/admin/ui/biosecurity/BiosecurityMa
nagementScreen.kt:73:17 No value passed for parameter 'zoneId'.
e: file:///C:/Users/rowdy/AndroidStudioProjects/ROSTRY/feature/admin-dashbo
ard/src/main/java/com/rio/rostry/feature/admin/ui/biosecurity/BiosecurityMa
nagementScreen.kt:73:17 No value passed for parameter 'radiusMeters'.
e: file:///C:/Users/rowdy/AndroidStudioProjects/ROSTRY/feature/admin-dashbo
ard/src/main/java/com/rio/rostry/feature/admin/ui/biosecurity/BiosecurityMa
nagementScreen.kt:73:17 No value passed for parameter 'createdAt'.
e: file:///C:/Users/rowdy/AndroidStudioProjects/ROSTRY/feature/admin-dashbo
ard/src/main/java/com/rio/rostry/feature/admin/ui/biosecurity/BiosecurityMa
nagementScreen.kt:135:82 Unresolved reference 'id'.
e: file:///C:/Users/rowdy/AndroidStudioProjects/ROSTRY/feature/admin-dashbo
ard/src/main/java/com/rio/rostry/feature/admin/ui/biosecurity/BiosecurityMa
nagementScreen.kt:170:72 Unresolved reference 'BiosecuritySeverity'.
e: file:///C:/Users/rowdy/AndroidStudioProjects/ROSTRY/feature/admin-dashbo
ard/src/main/java/com/rio/rostry/feature/admin/ui/biosecurity/BiosecurityMa
nagementScreen.kt:171:83 Unresolved reference 'BiosecuritySeverity'.
e: file:///C:/Users/rowdy/AndroidStudioProjects/ROSTRY/feature/admin-dashbo
ard/src/main/java/com/rio/rostry/feature/admin/ui/biosecurity/BiosecurityMa
nagementScreen.kt:173:72 Unresolved reference 'BiosecuritySeverity'.
e: file:///C:/Users/rowdy/AndroidStudioProjects/ROSTRY/feature/admin-dashbo
ard/src/main/java/com/rio/rostry/feature/admin/ui/biosecurity/BiosecurityMa
nagementScreen.kt:174:128 Unresolved reference 'BiosecuritySeverity'.
e: file:///C:/Users/rowdy/AndroidStudioProjects/ROSTRY/feature/admin-dashbo
ard/src/main/java/com/rio/rostry/feature/admin/ui/biosecurity/BiosecurityMa
nagementScreen.kt:200:51 Unresolved reference 'BiosecuritySeverity'.
e: file:///C:/Users/rowdy/AndroidStudioProjects/ROSTRY/feature/admin-dashbo
ard/src/main/java/com/rio/rostry/feature/admin/ui/biosecurity/BiosecurityMa
nagementScreen.kt:221:34 Unresolved reference 'radius'.
e: file:///C:/Users/rowdy/AndroidStudioProjects/ROSTRY/feature/admin-dashbo
ard/src/main/java/com/rio/rostry/feature/admin/ui/biosecurity/BiosecurityMa
nagementScreen.kt:223:34 Unresolved reference 'BiosecuritySeverity'.
e: file:///C:/Users/rowdy/AndroidStudioProjects/ROSTRY/feature/admin-dashbo
ard/src/main/java/com/rio/rostry/feature/admin/ui/commerce/AdminInvoiceView
Model.kt:39:20 One type argument expected. Use class 'Success' if you do 
not intend to pass type arguments.
e: file:///C:/Users/rowdy/AndroidStudioProjects/ROSTRY/feature/admin-dashbo
ard/src/main/java/com/rio/rostry/feature/admin/ui/commerce/AdminInvoiceView
Model.kt:40:42 Unresolved reference 'data'.
e: file:///C:/Users/rowdy/AndroidStudioProjects/ROSTRY/feature/admin-dashbo
ard/src/main/java/com/rio/rostry/feature/admin/ui/commerce/AdminInvoiceView
Model.kt:43:20 One type argument expected. Use class 'Error' if you do not 
intend to pass type arguments.
e: file:///C:/Users/rowdy/AndroidStudioProjects/ROSTRY/feature/admin-dashbo
ard/src/main/java/com/rio/rostry/feature/admin/ui/commerce/AdminInvoiceView
Model.kt:44:43 Unresolved reference 'message'.
e: file:///C:/Users/rowdy/AndroidStudioProjects/ROSTRY/feature/admin-dashbo
ard/src/main/java/com/rio/rostry/feature/admin/ui/commerce/AdminProductView
Model.kt:66:57 Unresolved reference 'Loading'.
e: file:///C:/Users/rowdy/AndroidStudioProjects/ROSTRY/feature/admin-dashbo
ard/src/main/java/com/rio/rostry/feature/admin/ui/dispute/AdminDisputeDetai
lScreen.kt:101:54 Unresolved reference 'disputeId'.
e: file:///C:/Users/rowdy/AndroidStudioProjects/ROSTRY/feature/admin-dashbo
ard/src/main/java/com/rio/rostry/feature/admin/ui/dispute/AdminDisputeDetai
lScreen.kt:102:57 Argument type mismatch: actual type is 
'com.rio.rostry.core.model.DisputeStatus', but 
'com.rio.rostry.data.database.entity.DisputeStatus' was expected.
e: file:///C:/Users/rowdy/AndroidStudioProjects/ROSTRY/feature/admin-dashbo
ard/src/main/java/com/rio/rostry/feature/admin/ui/dispute/AdminDisputeDetai
lScreen.kt:325:74 Argument type mismatch: actual type is 
'com.rio.rostry.data.database.entity.DisputeStatus', but 
'com.rio.rostry.core.model.DisputeStatus' was expected.
e: file:///C:/Users/rowdy/AndroidStudioProjects/ROSTRY/feature/admin-dashbo
ard/src/main/java/com/rio/rostry/feature/admin/ui/dispute/AdminDisputeDetai
lViewModel.kt:58:13 'when' expression must be exhaustive. Add the 
'Loading' branch or an 'else' branch.
e: file:///C:/Users/rowdy/AndroidStudioProjects/ROSTRY/feature/admin-dashbo
ard/src/main/java/com/rio/rostry/feature/admin/ui/dispute/AdminDisputeDetai
lViewModel.kt:103:56 Argument type mismatch: actual type is 
'List<ChatMessage>', but 'List<ChatMessageEntity>' was expected.
e: file:///C:/Users/rowdy/AndroidStudioProjects/ROSTRY/feature/admin-dashbo
ard/src/main/java/com/rio/rostry/feature/admin/ui/dispute/AdminDisputeDetai
lViewModel.kt:113:13 'when' expression must be exhaustive. Add the 
'Loading' branch or an 'else' branch.
e: file:///C:/Users/rowdy/AndroidStudioProjects/ROSTRY/feature/admin-dashbo
ard/src/main/java/com/rio/rostry/feature/admin/ui/dispute/AdminDisputeScree
n.kt:118:55 Unresolved reference 'disputeId'.
e: file:///C:/Users/rowdy/AndroidStudioProjects/ROSTRY/feature/admin-dashbo
ard/src/main/java/com/rio/rostry/feature/admin/ui/dispute/AdminDisputeScree
n.kt:120:43 Argument type mismatch: actual type is 'Dispute', but 
'DisputeEntity' was expected.
e: file:///C:/Users/rowdy/AndroidStudioProjects/ROSTRY/feature/admin-dashbo
ard/src/main/java/com/rio/rostry/feature/admin/ui/dispute/AdminDisputeScree
n.kt:122:78 Unresolved reference 'disputeId'.
e: file:///C:/Users/rowdy/AndroidStudioProjects/ROSTRY/feature/admin-dashbo
ard/src/main/java/com/rio/rostry/feature/admin/ui/dispute/AdminDisputeScree
n.kt:124:70 Unresolved reference 'disputeId'.
e: file:///C:/Users/rowdy/AndroidStudioProjects/ROSTRY/feature/admin-dashbo
ard/src/main/java/com/rio/rostry/feature/admin/ui/dispute/AdminDisputeScree
n.kt:124:81 Argument type mismatch: actual type is 
'com.rio.rostry.data.database.entity.DisputeStatus', but 
'com.rio.rostry.core.model.DisputeStatus' was expected.
e: file:///C:/Users/rowdy/AndroidStudioProjects/ROSTRY/feature/admin-dashbo
ard/src/main/java/com/rio/rostry/feature/admin/ui/dispute/AdminDisputeScree
n.kt:130:71 Unresolved reference 'disputeId'.
e: file:///C:/Users/rowdy/AndroidStudioProjects/ROSTRY/feature/admin-dashbo
ard/src/main/java/com/rio/rostry/feature/admin/ui/dispute/AdminDisputeViewM
odel.kt:52:17 'when' expression must be exhaustive. Add the 'Loading' 
branch or an 'else' branch.
e: file:///C:/Users/rowdy/AndroidStudioProjects/ROSTRY/feature/admin-dashbo
ard/src/main/java/com/rio/rostry/feature/admin/ui/dispute/AdminDisputeViewM
odel.kt:68:17 'when' expression must be exhaustive. Add the 'Loading' 
branch or an 'else' branch.
e: file:///C:/Users/rowdy/AndroidStudioProjects/ROSTRY/feature/admin-dashbo
ard/src/main/java/com/rio/rostry/feature/admin/ui/dispute/AdminDisputeViewM
odel.kt:86:13 'when' expression must be exhaustive. Add the 'Loading' 
branch or an 'else' branch.
FAILURE: Build failed with an exception.


