
> Configure project :app
WARNING: The option setting 'android.usesSdkInManifest.disallowed=false' is deprecated.
The current default is 'true'.
It will be removed in version 10.0 of the Android Gradle plugin.
WARNING: The option setting 'android.sdk.defaultTargetSdkToCompileSdkIfUnset=false' is deprecated.
The current default is 'true'.
It will be removed in version 10.0 of the Android Gradle plugin.
WARNING: The option setting 'android.enableAppCompileTimeRClass=false' is deprecated.
The current default is 'true'.
It will be removed in version 10.0 of the Android Gradle plugin.
WARNING: The option setting 'android.builtInKotlin=false' is deprecated.
The current default is 'true'.
It will be removed in version 10.0 of the Android Gradle plugin.
WARNING: The option setting 'android.newDsl=false' is deprecated.
The current default is 'true'.
It will be removed in version 10.0 of the Android Gradle plugin.
WARNING: The option setting 'android.r8.optimizedResourceShrinking=false' is deprecated.
The current default is 'true'.
It will be removed in version 10.0 of the Android Gradle plugin.
WARNING: The option setting 'android.defaults.buildfeatures.resvalues=true' is deprecated.
The current default is 'false'.
It will be removed in version 10.0 of the Android Gradle plugin.
WARNING: The property android.dependency.excludeLibraryComponentsFromConstraints improves project import performance for very large projects. It should be enabled to improve performance.
To suppress this warning, add android.generateSyncIssueWhenLibraryConstraintsAreEnabled=false to gradle.properties
WARNING: The property android.dependency.excludeLibraryComponentsFromConstraints improves project import performance for very large projects. It should be enabled to improve performance.
To suppress this warning, add android.generateSyncIssueWhenLibraryConstraintsAreEnabled=false to gradle.properties
WARNING: The property android.dependency.excludeLibraryComponentsFromConstraints improves project import performance for very large projects. It should be enabled to improve performance.
To suppress this warning, add android.generateSyncIssueWhenLibraryConstraintsAreEnabled=false to gradle.properties
WARNING: The property android.dependency.excludeLibraryComponentsFromConstraints improves project import performance for very large projects. It should be enabled to improve performance.
To suppress this warning, add android.generateSyncIssueWhenLibraryConstraintsAreEnabled=false to gradle.properties

> Task :app:preBuild UP-TO-DATE
> Task :app:preDebugBuild UP-TO-DATE
> Task :app:checkKotlinGradlePluginConfigurationErrors SKIPPED
> Task :app:generateDebugBuildConfig UP-TO-DATE
> Task :app:checkDebugAarMetadata UP-TO-DATE
> Task :app:processDebugNavigationResources UP-TO-DATE
> Task :app:compileDebugNavigationResources UP-TO-DATE
> Task :app:generateDebugResValues UP-TO-DATE
> Task :app:injectCrashlyticsMappingFileIdDebug UP-TO-DATE
> Task :app:injectCrashlyticsVersionControlInfoDebug UP-TO-DATE
> Task :app:processDebugGoogleServices UP-TO-DATE
> Task :app:mapDebugSourceSetPaths UP-TO-DATE
> Task :app:generateDebugResources UP-TO-DATE
> Task :app:mergeDebugResources UP-TO-DATE
> Task :app:packageDebugResources UP-TO-DATE
> Task :app:parseDebugLocalResources UP-TO-DATE
> Task :app:createDebugCompatibleScreenManifests UP-TO-DATE
> Task :app:extractDeepLinksDebug UP-TO-DATE
> Task :app:processDebugMainManifest UP-TO-DATE
> Task :app:processDebugManifest UP-TO-DATE
> Task :app:processDebugManifestForPackage UP-TO-DATE
> Task :app:processDebugResources UP-TO-DATE
> Task :app:javaPreCompileDebug UP-TO-DATE
> Task :app:preDebugUnitTestBuild UP-TO-DATE
> Task :app:javaPreCompileDebugUnitTest UP-TO-DATE
> Task :app:kspDebugKotlin
e: [ksp] InjectProcessingStep was unable to process 'BreedingCalendarViewModel(com.rio.rostry.data.repository.EnthusiastBreedingRepository,CurrentUserProvider)' because 'CurrentUserProvider' could not be resolved.

Dependency trace:
    => element (CLASS): com.rio.rostry.ui.enthusiast.breeding.BreedingCalendarViewModel
    => element (CONSTRUCTOR): BreedingCalendarViewModel(com.rio.rostry.data.repository.EnthusiastBreedingRepository,CurrentUserProvider)
    => type (EXECUTABLE constructor): (com.rio.rostry.data.repository.EnthusiastBreedingRepository,CurrentUserProvider)void
    => type (ERROR parameter type): CurrentUserProvider

If type 'CurrentUserProvider' is a generated type, check above for compilation errors that may have prevented the type from being generated. Otherwise, ensure that type 'CurrentUserProvider' is on your classpath.
e: [ksp] InjectProcessingStep was unable to process 'BreedingCompatibilityViewModel(com.rio.rostry.domain.breeding.BreedingService,com.rio.rostry.domain.pedigree.PedigreeRepository,CurrentUserProvider)' because 'CurrentUserProvider' could not be resolved.

Dependency trace:
    => element (CLASS): com.rio.rostry.ui.enthusiast.breeding.BreedingCompatibilityViewModel
    => element (CONSTRUCTOR): BreedingCompatibilityViewModel(com.rio.rostry.domain.breeding.BreedingService,com.rio.rostry.domain.pedigree.PedigreeRepository,CurrentUserProvider)
    => type (EXECUTABLE constructor): (com.rio.rostry.domain.breeding.BreedingService,com.rio.rostry.domain.pedigree.PedigreeRepository,CurrentUserProvider)void
    => type (ERROR parameter type): CurrentUserProvider

If type 'CurrentUserProvider' is a generated type, check above for compilation errors that may have prevented the type from being generated. Otherwise, ensure that type 'CurrentUserProvider' is on your classpath.

> Task :app:kspDebugKotlin FAILED
./gradlew : 
At line:1 char:1
+ ./gradlew testDebugUnitTest > test_output.txt 2>&1
+ ~~~~~~~~~~~~~~~~~~~~~~~~~~~~~~~~~~~~~~~~~~~~~~~~~~
    + CategoryInfo          : NotSpecified: (:String) [], RemoteException
    + FullyQualifiedErrorId : NativeCommandError
 
FAILURE: Build failed with an exception.

* What went wrong:
Execution failed for task ':app:kspDebugKotlin'.
> A failure occurred while executing com.google.devtools.ksp.gradle.KspAAWorkerAction
   > KSP failed with exit code: PROCESSING_ERROR

* Try:
> Run with --stacktrace option to get the stack trace.
> Run with --info or --debug option to get more log output.
> Run with --scan to generate a Build Scan (Powered by Develocity).
> Get more help at https://help.gradle.org.

BUILD FAILED in 39s
22 actionable tasks: 1 executed, 21 up-to-date
